.............................................................        [100%]
61 passed, 4 subtests passed in 26.85s
